// Jest Snapshot v1, https://goo.gl/fbAQLP

exports[`<Header /> should render correctly 1`] = `
<DocumentFragment>
  <header
    class="text-center"
  >
    <h1>
      <a
        class="text-4xl text-current"
        href="/"
      >
        タイトル
      </a>
    </h1>
    <div
      class="mt-2 text-gray-600"
    >
      概要
    </div>
  </header>
</DocumentFragment>
`;
